npm error No workspaces found:
npm error   --workspace=backend
npm error A complete log of this run can be found in: /home/codespace/.npm/_logs/2026-07-12T20_08_45_262Z-debug-0.log
